---
source: tests/test_check_insta.rs
expression: "&json_results"
---
[
  {
    "loc": "3:24-39",
    "source": 1,
    "syntax": "file,use",
    "pretty": "file urlmap/chrome2.mjs",
    "sym": "FILE_urlmap/chrome2@2Emjs"
  },
  {
    "loc": "3:24-39",
    "target": 1,
    "kind": "use",
    "pretty": "file urlmap/chrome2.mjs",
    "sym": "FILE_urlmap/chrome2@2Emjs",
    "context": ""
  },
  {
    "loc": "4:24-39",
    "source": 1,
    "syntax": "file,use",
    "pretty": "file urlmap/chrome3.mjs",
    "sym": "FILE_urlmap/chrome3@2Emjs"
  },
  {
    "loc": "4:24-39",
    "target": 1,
    "kind": "use",
    "pretty": "file urlmap/chrome3.mjs",
    "sym": "FILE_urlmap/chrome3@2Emjs",
    "context": ""
  },
  {
    "loc": "5:29-47",
    "source": 1,
    "syntax": "file,use",
    "pretty": "file urlmap/subdir/sub.mjs",
    "sym": "FILE_urlmap/subdir/sub@2Emjs"
  },
  {
    "loc": "5:29-47",
    "target": 1,
    "kind": "use",
    "pretty": "file urlmap/subdir/sub.mjs",
    "sym": "FILE_urlmap/subdir/sub@2Emjs",
    "context": ""
  }
]
