---
source: src/bin/test-index.rs
expression: "&json_results"
---
[
  {
    "loc": "2:15-20",
    "source": 1,
    "syntax": "use,prop",
    "pretty": "property dummy",
    "sym": "#dummy"
  },
  {
    "loc": "2:15-20",
    "target": 1,
    "kind": "use",
    "pretty": "dummy",
    "sym": "#dummy",
    "context": ""
  }
]
