---
source: tests/test_check_insta.rs
expression: "&json_results"
---
[
  {
    "loc": "00037:11-14",
    "source": 1,
    "syntax": "def,method",
    "pretty": "method Loader::new",
    "sym": "S_rs_rust_Loader#new()."
  },
  {
    "loc": "00037:11-14",
    "target": 1,
    "kind": "def",
    "pretty": "Loader::new",
    "sym": "S_rs_rust_Loader#new()."
  }
]
