---
source: tests/test_check_insta.rs
expression: "&jv.value"
---
{
  "groups": {
    "display": {
      "input": "compiled",
      "segments": [
        {
          "command": "show-html",
          "args": []
        }
      ],
      "output": "result",
      "depth": 0
    },
    "file-search": {
      "input": null,
      "segments": [
        {
          "command": "search-files",
          "args": [
            "foo.bar+hats()"
          ]
        }
      ],
      "output": "file-search",
      "depth": 0
    },
    "semantic-search": {
      "input": null,
      "segments": [
        {
          "command": "search-identifiers",
          "args": [
            "foo.bar+hats()"
          ]
        }
      ],
      "output": "semantic-search",
      "depth": 0
    },
    "text-search": {
      "input": null,
      "segments": [
        {
          "command": "search-text",
          "args": [
            "--re='foo\\.bar\\+hats\\(\\)'"
          ]
        }
      ],
      "output": "text-search",
      "depth": 0
    }
  },
  "junctions": {
    "compile": {
      "inputs": [
        "file-search",
        "semantic-search",
        "text-search"
      ],
      "command": {
        "command": "compile-results",
        "args": []
      },
      "output": "compiled",
      "depth": 0
    }
  }
}
