---
source: tests/test_check_insta.rs
expression: "&fb.contents"
---
<div class="panel" id="panel">
  <button id="panel-toggle">
    <span class="navpanel-icon icon-down-dir expanded" aria-hidden="false"></span>
    Navigation
  </button>
  <section id="panel-content" aria-expanded="true" aria-hidden="false">
  <label class="panel-accel"><input type="checkbox" id="panel-accel-enable" checked="checked">Enable keyboard shortcuts</label>
  <h4>Source code</h4>
  <ul>
  <li>
  <a href="https://bugzilla.mozilla.org/enter_bug.cgi?product=Core&component=DOM: Service Workers" title="File a bug in Core :: DOM: Service Workers" class="icon item">File a bug in Core :: DOM: Service Workers<button class="copy" title="Copy to clipboard"><span class="icon-docs copy-icon"></span><span class="icon-ok tick-icon"></span></button></a>
  </li>
  </ul>
  <h4>Copy as Markdown</h4>
  <ul>
  <li>
  <button title="Filename Link" class="icon item">Filename Link <span class="accel">F</span><span class="icon copy indicator"><span class="icon-docs copy-icon"></span><span class="icon-ok tick-icon"></span></span></button>
  </li>
  <li>
  <button title="Symbol Link" class="icon item">Symbol Link <span class="accel">S</span><span class="icon copy indicator"><span class="icon-docs copy-icon"></span><span class="icon-ok tick-icon"></span></span></button>
  </li>
  <li>
  <button title="Code Block" class="icon item">Code Block <span class="accel">C</span><span class="icon copy indicator"><span class="icon-docs copy-icon"></span><span class="icon-ok tick-icon"></span></span></button>
  </li>
  </ul>
  </section>
</div>
