---
source: tests/test_check_insta.rs
expression: "&aggr_str"
---
<div role="row" id="line-14" class="source-line-with-number">
  <div role="cell"><div class="cov-strip cov-no-data"></div></div>
  <div role="cell"><div class="blame-strip"></div></div>
  <div role="cell" class="line-number" data-line-number="14"></div>
  <code role="cell" class="source-line">    <span class="syn_reserved" >pub</span> <span class="syn_reserved" >fn</span> <span data-symbols="rust_analyzer::cargo::test_rust_dependency::0_1_0::MyType::do_foo">do_foo</span>(<span class="syn_reserved" >self</span>) -> <span data-symbols="rust_analyzer::cargo::test_rust_dependency::0_1_0::MyType">MyType</span> {
</code>
</div>

