---
source: src/bin/test-index.rs
expression: "&json_results"
input_file: inputs/analysis/cpp/big_cpp.cpp/structured_abstractart_beart__json
---
[
  {
    "loc": "00418:15-20",
    "structured": 1,
    "pretty": "outerNS::AbstractArt::beArt",
    "sym": "_ZN7outerNS11AbstractArt5beArtEv",
    "type_pretty": null,
    "kind": "method",
    "subsystem": null,
    "parentsym": "T_outerNS::AbstractArt",
    "implKind": "",
    "sizeBytes": null,
    "alignmentBytes": null,
    "ownVFPtrBytes": null,
    "bindingSlots": [],
    "ontologySlots": [],
    "supers": [],
    "methods": [],
    "fields": [],
    "overrides": [],
    "props": [
      "instance",
      "virtual",
      "user"
    ],
    "variants": [],
    "args": []
  }
]
