---
source: src/bin/test-index.rs
expression: "&json_results"
snapshot_kind: text
---
[
  {
    "loc": "00155:15-25",
    "structured": 1,
    "pretty": "outerNS::Thing::takeDamage",
    "sym": "_ZN7outerNS5Thing10takeDamageEi",
    "args": [
      {
        "name": "damage",
        "type": "int"
      }
    ],
    "kind": "method",
    "parentsym": "T_outerNS::Thing",
    "overrides": [],
    "props": [
      "instance",
      "virtual",
      "user"
    ]
  }
]
