---
source: src/bin/test-index.rs
expression: "&json_results"
---
[
  {
    "loc": "8:6-25",
    "source": 1,
    "syntax": "def,prop",
    "pretty": "property secretMadjewelConst",
    "sym": "#secretMadjewelConst"
  },
  {
    "loc": "8:6-25",
    "target": 1,
    "kind": "def",
    "pretty": "secretMadjewelConst",
    "sym": "#secretMadjewelConst",
    "context": ""
  }
]
