---
source: src/bin/test-index.rs
expression: "&fb.contents"
input_file: inputs/web/templates/help_file__html
---
<!DOCTYPE html>
<html lang="en-US">
<head>
  <meta charset="utf-8">
  <meta name="color-scheme" content="light dark">
  <link href="/tests/static/icons/search.png" rel="shortcut icon">
  <title>Searchfox</title>

  <link href="/tests/static/css/mozsearch.css" rel="stylesheet" media="screen"/>
  <link href="/tests/static/css/icons.css" rel="stylesheet" media="screen" />
  <link href="/tests/static/css/font-icons.css" rel="stylesheet" media="screen" />
</head>

<body>
<div id="fixed-header">
  <form method="get" action="/tests/search" class="search-box" id="search-box">
    <fieldset>
      <div id="query-section">
        <label for="query" class="query_label visually-hidden">Find</label>
        <input type="text" name="q"  value="" maxlength="2048" id="query" accesskey="s" title="Search" placeholder="Search tests" autocomplete="off" autofocus />
        <div class="zero-size-container">
          <div class="bubble" id="query-bubble">
          </div>
        </div>
        <section id="spinner"></section>
      </div>
      <div id="option-section" class="v-flex-container">
        <label for="case">
          <input type="checkbox" name="case" id="case" class="option-checkbox" value="true" accesskey="c" /><span class="access-key">C</span>ase-sensitive
        </label>
        <label for="regexp">
          <input type="checkbox" name="regexp" id="regexp" class="option-checkbox" value="true" accesskey="r"/><span class="access-key">R</span>egexp search
        </label>
      </div>
      <div id="path-section">
        <label for="path" class="query_label visually-hidden">Path</label>
        <input type="text" name="path"  value="" maxlength="2048" id="path" accesskey="s" title="Search" placeholder="Path filter (supports globbing and ^, $)" autocomplete="off" />
        <div class="zero-size-container">
          <div class="bubble" id="path-bubble">
          </div>
        </div>
      </div>
    </fieldset>
    <!-- We're marking this disabled in order to avoid the user pressing enter
         triggering the default submit behavior and conflicting with our dynamic
         logic. -->
    <input type="submit" value="Search" disabled class="visually-hidden" />
    <span id="data" data-root="/" data-search="/tests/search" data-tree="tests"></span>
  </form>
</div>

<div id="scrolling">
  <div id="content" class="content" data-no-results="No results for current query.">
    
  <div class="breadcrumbs" style="display: none">
    <a href="/tests/source/">tests</a><button id="tree-switcher" title="Open tree switcher menu" aria-expanded="false" aria-haspopup="true" aria-controls="tree-switcher-menu"></button><div id="tree-switcher-menu" title="Tree switcher" role="menu" class="context-menu" style="display: none"></div>
  </div>

    <div class="panel" id="panel">
  <button id="panel-toggle">
    <span class="navpanel-icon icon-down-dir" aria-hidden="false"></span>
    Navigation
    <a id="show-settings" title="Go to settings page" href="/tests/pages/settings.html"><span class="navpanel-icon icon-cog expanded" aria-hidden="false"></span></a>
  </button>
  <section id="panel-content" aria-expanded="false" aria-hidden="true" style="display: none;">
    <label class="panel-accel"><input type="checkbox" id="panel-accel-enable" checked="checked">Enable keyboard shortcuts</label>
  </section>
</div>

    <div class="intro">

<h1>Welcome to Searchfox [testing]</h1>

<h3>
Direct link to: <a href="/tests/source/">tests</a> | <a href="/searchfox/source/">searchfox</a>
</h3>

<p>
Searchfox is a source code indexing tool for Mozilla Firefox. It
indexes C++ and JavaScript code. This is the help page for Searchfox.
</p>

  </div>
  
<script src="/tree-list.js"></script>
<script src="/tests/static/js/settings.js"></script>
<script src="/tests/static/js/search.js"></script>
<script src="/tests/static/js/context-menu.js"></script>
<script src="/tests/static/js/panel.js"></script>
<script src="/tests/static/js/code-highlighter.js"></script>
<script src="/tests/static/js/blame.js"></script>

<footer class="footer">
    This page was generated by Searchfox:
    <a href="https://github.com/mozsearch/mozsearch">source code repository</a> |
    <a href="https://github.com/mozsearch/mozsearch-mozilla">configuration repository</a> |
    <a href="https://bugzilla.mozilla.org/buglist.cgi?product=Webtools&component=Searchfox&resolution=---">see open bugs</a> |
    <a href="https://bugzilla.mozilla.org/enter_bug.cgi?product=Webtools&component=Searchfox">file a new bug</a>
</footer>

</div>
</body>
</html>
