---
source: tests/test_check_insta.rs
expression: sgc.to_json()
---
{
  "symbol_metas": {
    "_ZN7outerNS5Thing10takeDamageEi": {
      "structured": 1,
      "pretty": "outerNS::Thing::takeDamage",
      "sym": "_ZN7outerNS5Thing10takeDamageEi",
      "kind": "method",
      "parentsym": "T_outerNS::Thing",
      "implKind": "",
      "sizeBytes": null,
      "supers": [],
      "methods": [],
      "fields": [],
      "overrides": [],
      "props": [
        "instance",
        "virtual",
        "user"
      ],
      "overriddenBy": [
        "_ZN7outerNS9Superhero10takeDamageEi"
      ]
    },
    "_ZN7outerNS8OuterCat4meetERNS_5CouchE": {
      "structured": 1,
      "pretty": "outerNS::OuterCat::meet",
      "sym": "_ZN7outerNS8OuterCat4meetERNS_5CouchE",
      "kind": "method",
      "parentsym": "T_outerNS::OuterCat",
      "implKind": "",
      "sizeBytes": null,
      "supers": [],
      "methods": [],
      "fields": [],
      "overrides": [],
      "props": [
        "instance",
        "user"
      ]
    },
    "_ZN7outerNS8OuterCat5shredERNS_5ThingE": {
      "structured": 1,
      "pretty": "outerNS::OuterCat::shred",
      "sym": "_ZN7outerNS8OuterCat5shredERNS_5ThingE",
      "kind": "method",
      "parentsym": "T_outerNS::OuterCat",
      "implKind": "",
      "sizeBytes": null,
      "supers": [],
      "methods": [],
      "fields": [],
      "overrides": [],
      "props": [
        "instance",
        "user"
      ]
    },
    "_ZN7outerNS8OuterCat7destroyERNS_5ThingE": {
      "structured": 1,
      "pretty": "outerNS::OuterCat::destroy",
      "sym": "_ZN7outerNS8OuterCat7destroyERNS_5ThingE",
      "kind": "method",
      "parentsym": "T_outerNS::OuterCat",
      "implKind": "",
      "sizeBytes": null,
      "supers": [],
      "methods": [],
      "fields": [],
      "overrides": [],
      "props": [
        "instance",
        "user"
      ]
    },
    "_ZN7outerNS9Superhero10takeDamageEi": {
      "structured": 1,
      "pretty": "outerNS::Superhero::takeDamage",
      "sym": "_ZN7outerNS9Superhero10takeDamageEi",
      "kind": "method",
      "parentsym": "T_outerNS::Superhero",
      "implKind": "",
      "sizeBytes": null,
      "supers": [],
      "methods": [],
      "fields": [],
      "overrides": [
        {
          "pretty": "outerNS::Thing::takeDamage",
          "sym": "_ZN7outerNS5Thing10takeDamageEi"
        }
      ],
      "props": [
        "instance",
        "virtual",
        "user"
      ]
    }
  },
  "graphs": [
    {
      "nodes": [
        "_ZN7outerNS5Thing10takeDamageEi",
        "_ZN7outerNS8OuterCat4meetERNS_5CouchE",
        "_ZN7outerNS8OuterCat5shredERNS_5ThingE",
        "_ZN7outerNS8OuterCat7destroyERNS_5ThingE",
        "_ZN7outerNS9Superhero10takeDamageEi"
      ],
      "edges": [
        {
          "from": "_ZN7outerNS8OuterCat4meetERNS_5CouchE",
          "to": "_ZN7outerNS8OuterCat5shredERNS_5ThingE"
        },
        {
          "from": "_ZN7outerNS8OuterCat5shredERNS_5ThingE",
          "to": "_ZN7outerNS5Thing10takeDamageEi"
        },
        {
          "from": "_ZN7outerNS8OuterCat7destroyERNS_5ThingE",
          "to": "_ZN7outerNS8OuterCat5shredERNS_5ThingE"
        },
        {
          "from": "_ZN7outerNS9Superhero10takeDamageEi",
          "to": "_ZN7outerNS5Thing10takeDamageEi"
        }
      ]
    }
  ]
}
