---
source: tests/test_check_insta.rs
expression: "&aggr_str"
snapshot_kind: text
---
<div role="row" id="line-33" class="source-line-with-number">
  <div role="cell"><div class="cov-strip cov-no-data"></div></div>
  <div role="cell"><div class="blame-strip"></div></div>
  <div role="cell" class="line-number" data-line-number="33"></div>
  <code role="cell" class="source-line">  <span class="syn_def syn_def" data-symbols="##priv_field_num,ClassWithProperties##priv_field_num" data-confidences="[&quot;concrete&quot;,&quot;concrete&quot;]">#priv_field_num</span> = 10;
</code>
</div>
<div role="row" id="line-76" class="source-line-with-number">
  <div role="cell"><div class="cov-strip cov-no-data"></div></div>
  <div role="cell"><div class="blame-strip"></div></div>
  <div role="cell" class="line-number" data-line-number="76"></div>
  <code role="cell" class="source-line">    <span class="syn_reserved" >return</span> <span class="syn_reserved" >this</span>.<span data-symbols="##priv_field_num" data-confidences="[&quot;concrete&quot;]">#priv_field_num</span>;
</code>
</div>
