---
source: src/bin/test-index.rs
expression: "&json_results"
input_file: inputs/analysis/cpp/templates7.cpp/def_InlineTemplateShouldHaveContextSym
---
[
  {
    "loc": "00018:14-48",
    "target": 1,
    "kind": "def",
    "pretty": "Theme::InlineTemplateShouldHaveContextSym",
    "sym": "_ZN5Theme34InlineTemplateShouldHaveContextSymET_",
    "context": "Theme",
    "contextsym": "T_Theme",
    "peekRange": "18-18"
  },
  {
    "loc": "00018:14-48",
    "source": 1,
    "syntax": "def,function",
    "pretty": "function Theme::InlineTemplateShouldHaveContextSym",
    "sym": "_ZN5Theme34InlineTemplateShouldHaveContextSymET_",
    "nestingRange": "18:52-18:53",
    "type": "void (T)"
  }
]
