---
source: tests/test_check_insta.rs
expression: "&json_results"
---
[
  {
    "loc": "3:26-43",
    "source": 1,
    "syntax": "file,use",
    "pretty": "file urlmap/resource2.mjs",
    "sym": "FILE_urlmap/resource2@2Emjs"
  },
  {
    "loc": "3:26-43",
    "target": 1,
    "kind": "use",
    "pretty": "file urlmap/resource2.mjs",
    "sym": "FILE_urlmap/resource2@2Emjs",
    "context": ""
  },
  {
    "loc": "4:26-43",
    "source": 1,
    "syntax": "file,use",
    "pretty": "file urlmap/resource3.mjs",
    "sym": "FILE_urlmap/resource3@2Emjs"
  },
  {
    "loc": "4:26-43",
    "target": 1,
    "kind": "use",
    "pretty": "file urlmap/resource3.mjs",
    "sym": "FILE_urlmap/resource3@2Emjs",
    "context": ""
  }
]
