---
source: src/bin/test-index.rs
expression: "&json_results"
---
[
  {
    "loc": "00006:10-20",
    "source": 1,
    "syntax": "def,field",
    "type": "int32_t",
    "pretty": "field url_sym::S::scriptURL_",
    "sym": "F_<T_url_sym::S>_scriptURL_"
  },
  {
    "loc": "00006:10-20",
    "structured": 1,
    "pretty": "url_sym::S::scriptURL_",
    "sym": "F_<T_url_sym::S>_scriptURL_",
    "kind": "field",
    "parentsym": "T_url_sym::S"
  },
  {
    "loc": "00006:10-20",
    "target": 1,
    "kind": "def",
    "pretty": "url_sym::S::scriptURL_",
    "sym": "F_<T_url_sym::S>_scriptURL_",
    "context": "url_sym::S",
    "contextsym": "T_url_sym::S",
    "peekRange": "6-6"
  }
]
