---
source: src/bin/test-index.rs
expression: "&fb.contents"
input_file: inputs/web/files/contextual-keyword/contextual-keyword_js__html
---
<span data-symbols="FILE_js/contextual@2Dkeyword@2Ejs">(file symbol)</span>
<span class="syn_def" data-symbols="#await" data-confidences="[&quot;concrete&quot;]">await</span>
<span class="syn_def" data-symbols="#yield" data-confidences="[&quot;concrete&quot;]">yield</span>
<span class="syn_def" data-symbols="#let" data-confidences="[&quot;concrete&quot;]">let</span>
<span class="syn_def" data-symbols="#static" data-confidences="[&quot;concrete&quot;]">static</span>
<span class="syn_def" data-symbols="#implements" data-confidences="[&quot;concrete&quot;]">implements</span>
<span class="syn_def" data-symbols="#interface" data-confidences="[&quot;concrete&quot;]">interface</span>
<span class="syn_def" data-symbols="#package" data-confidences="[&quot;concrete&quot;]">package</span>
<span class="syn_def" data-symbols="#private" data-confidences="[&quot;concrete&quot;]">private</span>
<span class="syn_def" data-symbols="#protected" data-confidences="[&quot;concrete&quot;]">protected</span>
<span class="syn_def" data-symbols="#public" data-confidences="[&quot;concrete&quot;]">public</span>
<span class="syn_def" data-symbols="#as" data-confidences="[&quot;concrete&quot;]">as</span>
<span class="syn_def" data-symbols="#async" data-confidences="[&quot;concrete&quot;]">async</span>
<span class="syn_def" data-symbols="#from" data-confidences="[&quot;concrete&quot;]">from</span>
<span class="syn_def" data-symbols="#get" data-confidences="[&quot;concrete&quot;]">get</span>
<span class="syn_def" data-symbols="#meta" data-confidences="[&quot;concrete&quot;]">meta</span>
<span class="syn_def" data-symbols="#of" data-confidences="[&quot;concrete&quot;]">of</span>
<span class="syn_def" data-symbols="#set" data-confidences="[&quot;concrete&quot;]">set</span>
<span class="syn_def" data-symbols="#target" data-confidences="[&quot;concrete&quot;]">target</span>
<span class="syn_def" data-symbols="#f" data-confidences="[&quot;concrete&quot;]">f</span>
<span data-symbols="11-0" data-confidences="[&quot;concrete&quot;]">x</span>
<span data-symbols="11-1" data-confidences="[&quot;concrete&quot;]">x</span>
<span class="syn_def" data-symbols="#C" data-confidences="[&quot;concrete&quot;]">C</span>
<span class="syn_def syn_def" data-symbols="#constructor,C#constructor" data-confidences="[&quot;concrete&quot;,&quot;concrete&quot;]">constructor</span>
<span class="syn_def syn_def" data-symbols="#foo,C#foo" data-confidences="[&quot;concrete&quot;,&quot;concrete&quot;]">foo</span>
<span class="syn_def syn_def" data-symbols="#prop,C#prop" data-confidences="[&quot;concrete&quot;,&quot;concrete&quot;]">prop</span>
<span class="syn_def syn_def" data-symbols="#prop,C#prop" data-confidences="[&quot;concrete&quot;,&quot;concrete&quot;]">prop</span>
<span data-symbols="11-2" data-confidences="[&quot;concrete&quot;]">v</span>
