---
source: src/bin/test-index.rs
expression: "&fb.contents"
snapshot_kind: text
---
<span data-symbols="FILE_cpp/contextual@2Dkeyword@2Ecpp">(file symbol)</span>
<span class="syn_def" data-symbols="_Z5finalv" data-confidences="[&quot;concrete&quot;]">final</span>
<span class="syn_def" data-symbols="_Z6importv" data-confidences="[&quot;concrete&quot;]">import</span>
<span class="syn_def" data-symbols="_Z6modulev" data-confidences="[&quot;concrete&quot;]">module</span>
<span class="syn_def" data-symbols="_Z8overridev" data-confidences="[&quot;concrete&quot;]">override</span>
<span class="syn_def" data-symbols="_Z1fv" data-confidences="[&quot;concrete&quot;]">f</span>
<span data-symbols="_Z5finalv" data-confidences="[&quot;concrete&quot;]">final</span>
<span data-symbols="_Z6importv" data-confidences="[&quot;concrete&quot;]">import</span>
<span data-symbols="_Z6modulev" data-confidences="[&quot;concrete&quot;]">module</span>
<span data-symbols="_Z8overridev" data-confidences="[&quot;concrete&quot;]">override</span>
<span class="syn_def syn_type" data-symbols="T_Base" data-confidences="[&quot;concrete&quot;]">Base</span>
<span class="syn_def" data-symbols="_ZN4Base3FooEv" data-confidences="[&quot;concrete&quot;]">Foo</span>
<span class="syn_def syn_type" data-symbols="T_Sub" data-confidences="[&quot;concrete&quot;]">Sub</span>
<span class="syn_type" data-symbols="T_Base" data-confidences="[&quot;concrete&quot;]">Base</span>
<span class="syn_def" data-symbols="_ZN3Sub3FooEv" data-confidences="[&quot;concrete&quot;]">Foo</span>
