---
source: src/bin/test-index.rs
expression: "&fb.contents"
snapshot_kind: text
---
<span data-symbols="FILE_python/contextual@2Dkeyword@2Epy">(file symbol)</span>
<span class="syn_def" data-symbols="S_py_python.contextual-keyword/print()." data-confidences="[&quot;concrete&quot;]">print</span>
<span class="syn_def" data-symbols="S_py_python.contextual-keyword/exec()." data-confidences="[&quot;concrete&quot;]">exec</span>
<span data-symbols="S_py_python.contextual-keyword/print()." data-confidences="[&quot;concrete&quot;]">print</span>
<span data-symbols="S_py_python.contextual-keyword/exec()." data-confidences="[&quot;concrete&quot;]">exec</span>
