---
source: tests/test_check_insta.rs
expression: "&json_results"

---
[
  {
    "loc": "00001:0",
    "pretty": "file big_header.h",
    "source": 1,
    "sym": "FILE_big_header@2Eh",
    "syntax": "def,file"
  },
  {
    "kind": "def",
    "loc": "00001:0",
    "pretty": "big_header.h",
    "sym": "FILE_big_header@2Eh",
    "target": 1
  }
]
