---
source: src/bin/test-index.rs
expression: "&json_results"
input_file: inputs/analysis/webidl/enum.webidl/webidl_enum__json
---
[
  {
    "loc": "1:5-13",
    "source": 1,
    "syntax": "idl",
    "pretty": "IDL enum TestEnum",
    "sym": "WEBIDL_TestEnum"
  },
  {
    "loc": "1:5-13",
    "target": 1,
    "kind": "idl",
    "pretty": "TestEnum",
    "sym": "WEBIDL_TestEnum"
  },
  {
    "loc": "1:5-13",
    "structured": 1,
    "pretty": "TestEnum",
    "sym": "WEBIDL_TestEnum",
    "kind": "const",
    "implKind": "idl",
    "bindingSlots": [
      {
        "slotKind": "const",
        "slotLang": "cpp",
        "ownerLang": "idl",
        "sym": "T_mozilla::dom::TestEnum"
      }
    ]
  }
]
