---
source: tests/test_check_insta.rs
expression: "&to_value(jvl).unwrap()"
---
{
  "values": [
    {
      "value": {
        "sym": "rust_analyzer::cargo::files::0_1_0::Loader::needs_hard_reload",
        "pretty": "files Loader#needs_hard_reload().",
        "jumps": {
          "def": "simple.rs#45"
        }
      }
    }
  ]
}
