---
source: tests/test_check_insta.rs
expression: "&to_value(jvl).unwrap()"
snapshot_kind: text
---
{
  "values": [
    {
      "value": {
        "sym": "S_rs_Loader#needs_hard_reload().",
        "pretty": "Loader::needs_hard_reload",
        "meta": {
          "structured": 1,
          "pretty": "Loader::needs_hard_reload",
          "sym": "S_rs_Loader#needs_hard_reload().",
          "type_pretty": "fn needs_hard_reload(&self, _: &Path) -> bool",
          "kind": "method",
          "subsystem": "Core/Simple",
          "parentsym": "S_rs_Loader#",
          "implKind": "impl",
          "sizeBytes": null,
          "ownVFPtrBytes": null,
          "bindingSlots": [],
          "ontologySlots": [],
          "supers": [],
          "methods": [],
          "fields": [],
          "overrides": [],
          "props": [],
          "variants": []
        },
        "jumps": {
          "def": "simple.rs#51"
        }
      }
    }
  ]
}
